// Jest Snapshot v1, https://goo.gl/fbAQLP

exports[`should render correctly 1`] = `
<Form
  onSubmit={[Function]}
  styleName="container"
>
  <FormRow>
    <Field
      autos={false}
      component={[Function]}
      containerStyle={
        Object {
          "flexBasis": "auto",
        }
      }
      label="Copyright"
      maxLength={300}
      name="copyright"
      required={true}
    />
  </FormRow>
  <Divider
    type="basic"
  />
  <FormButtons
    submitLabel="Submit"
    submitting={false}
  />
</Form>
`;
