// Jest Snapshot v1, https://goo.gl/fbAQLP

exports[`should render correctly 1`] = `
<React.Fragment>
  <EntityImage
    entityType="talent"
    showCarousel={false}
  />
  <EntityHeading>
    Some Name
  </EntityHeading>
  <EntityDetailsContainer
    type="narrow"
  >
    <EntityInfoBar
      entity={
        FullTalent {
          "entity": Object {
            "lastName": "Some Name",
          },
          "links": LinkCollection {
            "links": undefined,
          },
        }
      }
    />
    <EntityDescription
      entity={
        FullTalent {
          "entity": Object {
            "lastName": "Some Name",
          },
          "links": LinkCollection {
            "links": undefined,
          },
        }
      }
    />
    <EntityWeSay
      entity={
        FullTalent {
          "entity": Object {
            "lastName": "Some Name",
          },
          "links": LinkCollection {
            "links": undefined,
          },
        }
      }
    />
    <EntityExternalLinks
      entity={
        FullTalent {
          "entity": Object {
            "lastName": "Some Name",
          },
          "links": LinkCollection {
            "links": undefined,
          },
        }
      }
    />
  </EntityDetailsContainer>
</React.Fragment>
`;
