// Jest Snapshot v1, https://goo.gl/fbAQLP

exports[`should render correctly 1`] = `
<Container
  error={null}
  htmlFor="The Label"
  label="The Label"
  touched={false}
>
  <FieldBorder>
    <ReduxForm
      onSubmit={[Function]}
    />
    <Component />
    <ImageGrid>
      <ImageGridCard
        entityType="venue"
        key="some-id"
        onDelete={[Function]}
        onSetMain={[Function]}
        onUpdate={[Function]}
        value={
          Object {
            "id": "some-id",
            "isMain": true,
            "key": "some-key",
          }
        }
      />
    </ImageGrid>
  </FieldBorder>
  <UpdateImageModal
    initialValues={null}
    onHide={[Function]}
    onSubmit={[Function]}
    show={false}
  />
</Container>
`;
