// Jest Snapshot v1, https://goo.gl/fbAQLP

exports[`should render correctly 1`] = `
<TransitionGroup
  childFactory={[Function]}
  className="src-modules-notification-components-notification-container__container"
  component="ul"
  role="presentation"
>
  <CSSTransition
    classNames="notification"
    key="some-id"
    timeout={250}
  >
    <shouldUpdate(Notification)
      notification={
        Object {
          "id": "some-id",
          "type": "Success",
        }
      }
      onClose={[Function]}
    />
  </CSSTransition>
</TransitionGroup>
`;
