// Jest Snapshot v1, https://goo.gl/fbAQLP

exports[`should render correctly 1`] = `
<React.Fragment>
  <Image
    entityType="event-series"
    images={Array []}
    showCarousel={false}
  />
  <EntityHeading>
    The Name
  </EntityHeading>
  <EntityDetailsContainer
    type="narrow"
  >
    <EntityInfoBar
      entity={
        FullEventSeries {
          "images": Array [],
          "name": "The Name",
        }
      }
    />
    <EntityDescription
      entity={
        FullEventSeries {
          "images": Array [],
          "name": "The Name",
        }
      }
    />
    <EntityWeSay
      entity={
        FullEventSeries {
          "images": Array [],
          "name": "The Name",
        }
      }
    />
    <EntityExternalLinks
      entity={
        FullEventSeries {
          "images": Array [],
          "name": "The Name",
        }
      }
    />
  </EntityDetailsContainer>
</React.Fragment>
`;
