// Jest Snapshot v1, https://goo.gl/fbAQLP

exports[`should render correctly 1`] = `
<Container
  disabled={false}
  error={null}
  htmlFor="The Label"
  label="The Label"
  required={false}
  touched={false}
>
  <Datepicker
    dateFormat="YYYY-MM-DD"
    disabled={false}
    error={null}
    htmlId="The Label"
    maxDate="2020-01-01"
    minDate="2016-01-01"
    onChange={[Function]}
    placeholder="The Placeholder"
    touched={false}
    value="2017-01-01"
  />
</Container>
`;
