// Jest Snapshot v1, https://goo.gl/fbAQLP

exports[`should handle being clicked to show the datepicker modal 1`] = `
<React.Fragment>
  <Text
    autos={true}
    disabled={false}
    error={null}
    forceSingleLine={true}
    icon={[Function]}
    id="some-id"
    maxLength={20}
    onClick={[Function]}
    password={false}
    placeholder="The Placeholder"
    readOnly={true}
    touched={false}
    value="2017-01-01"
  />
  <DatepickerModal
    maxDate="2020-01-01"
    minDate="2016-01-01"
    onChange={[Function]}
    onHide={[Function]}
    show={false}
    title="Choose a date"
    value="2017-01-01"
  />
</React.Fragment>
`;

exports[`should handle hiding the datepicker modal 1`] = `
<React.Fragment>
  <Text
    autos={true}
    disabled={false}
    error={null}
    forceSingleLine={true}
    icon={[Function]}
    id="some-id"
    maxLength={20}
    onClick={[Function]}
    password={false}
    placeholder="The Placeholder"
    readOnly={true}
    touched={false}
    value="2017-01-01"
  />
  <DatepickerModal
    maxDate="2020-01-01"
    minDate="2016-01-01"
    onChange={[Function]}
    onHide={[Function]}
    show={false}
    title="Choose a date"
    value="2017-01-01"
  />
</React.Fragment>
`;

exports[`should render correctly 1`] = `
<React.Fragment>
  <Text
    autos={true}
    disabled={false}
    error={null}
    forceSingleLine={true}
    icon={[Function]}
    id="some-id"
    maxLength={20}
    onClick={[Function]}
    password={false}
    placeholder="The Placeholder"
    readOnly={true}
    touched={false}
    value="2017-01-01"
  />
  <DatepickerModal
    maxDate="2020-01-01"
    minDate="2016-01-01"
    onChange={[Function]}
    onHide={[Function]}
    show={false}
    title="Choose a date"
    value="2017-01-01"
  />
</React.Fragment>
`;
