// Jest Snapshot v1, https://goo.gl/fbAQLP

exports[`should render correctly 1`] = `
<div>
  <ImageGallery
    autoPlay={false}
    disableArrowKeys={false}
    disableSwipe={false}
    disableThumbnailScroll={false}
    flickThreshold={0.4}
    indexSeparator=" / "
    infinite={true}
    items={
      Array [
        Object {
          "copyright": "The Copyright",
          "original": "https://images.test.com/so/me/some-id/750x.jpg",
          "ratio": 2,
        },
      ]
    }
    lazyLoad={true}
    onSlide={[Function]}
    preventDefaultTouchmoveEvent={false}
    renderFullscreenButton={[Function]}
    renderItem={[Function]}
    renderLeftNav={[Function]}
    renderPlayPauseButton={[Function]}
    renderRightNav={[Function]}
    showBullets={false}
    showFullscreenButton={false}
    showIndex={false}
    showNav={true}
    showPlayButton={false}
    showThumbnails={false}
    slideDuration={450}
    slideInterval={3000}
    slideOnThumbnailHover={false}
    startIndex={0}
    stopPropagation={false}
    swipeThreshold={30}
    swipingTransitionDuration={0}
    thumbnailPosition="bottom"
    useBrowserFullscreen={true}
  />
  <ImageCredit
    credit="The Copyright"
  />
</div>
`;
