// Jest Snapshot v1, https://goo.gl/fbAQLP

exports[`should render correctly 1`] = `
<p
  className="src-components-entity-we-say__container"
>
  <span
    className="src-components-entity-we-say__label"
  >
    We say:
  </span>
  <br />
  <span
    className="src-components-entity-we-say__text"
  >
    “
    What we say
    ”
  </span>
</p>
`;

exports[`should render correctly when there is no weSay content 1`] = `""`;
