// Jest Snapshot v1, https://goo.gl/fbAQLP

exports[`should render correctly when has an image id 1`] = `
<img
  className="src-modules-image-components-image-grid-image__small src-modules-image-components-image-grid-image__image"
  src="https://images.test.com/im/ag/image-id/120x120.jpg"
/>
`;

exports[`should render correctly when has no image id 1`] = `
<shouldUpdate(ImagePlaceholder)
  size="small"
  type="venue"
/>
`;
