// Jest Snapshot v1, https://goo.gl/fbAQLP

exports[`should render correctly when has children 1`] = `
<div
  className="src-modules-image-components-image-grid__container"
>
  <div
    id="child"
  />
</div>
`;

exports[`should render correctly when has no children 1`] = `<shouldUpdate(NoEntries) />`;
