// Jest Snapshot v1, https://goo.gl/fbAQLP

exports[`should render correctly 1`] = `
<TimeGridRow
  audienceTags={
    Array [
      Object {
        "id": "tag-id",
        "label": "Tag Name",
      },
    ]
  }
  day="Wednesday"
  keyId="some-key"
  onDelete={[Function]}
  time="13:00 to 14:00"
  timesRange="some-id"
/>
`;
