// Jest Snapshot v1, https://goo.gl/fbAQLP

exports[`should render correctly 1`] = `
<React.Fragment>
  <Image
    entityType="talent"
    images={Array []}
    showCarousel={false}
  />
  <EntityHeading>
    First Last
  </EntityHeading>
  <EntityDetailsContainer
    type="narrow"
  >
    <EntityInfoBar
      entity={
        FullTalent {
          "firstNames": "First",
          "images": Array [],
          "lastName": "Last",
        }
      }
    />
    <EntityDescription
      entity={
        FullTalent {
          "firstNames": "First",
          "images": Array [],
          "lastName": "Last",
        }
      }
    />
    <EntityWeSay
      entity={
        FullTalent {
          "firstNames": "First",
          "images": Array [],
          "lastName": "Last",
        }
      }
    />
    <EntityExternalLinks
      entity={
        FullTalent {
          "firstNames": "First",
          "images": Array [],
          "lastName": "Last",
        }
      }
    />
  </EntityDetailsContainer>
</React.Fragment>
`;
