// Jest Snapshot v1, https://goo.gl/fbAQLP

exports[`should render correctly 1`] = `
<div>
  <FormRow>
    <Field
      component={[Function]}
      containerStyle={
        Object {
          "flexGrow": 0,
          "minWidth": "14rem",
        }
      }
      label="Link Type"
      name="linkType"
      options={
        Array [
          "options",
        ]
      }
      required={true}
      searchable={false}
    />
    <Field
      autos={false}
      component={[Function]}
      containerStyle={
        Object {
          "flexBasis": "auto",
        }
      }
      forceSingleLine={true}
      label="Link URL"
      maxLength={100}
      name="linkUrl"
      required={true}
    />
  </FormRow>
  <FormError
    hideGenericErrorMessages={true}
  />
  <SubFormButtons
    onReset={[Function]}
    onSubmit={[Function]}
    pristine={true}
    submitting={false}
  />
</div>
`;
