// Jest Snapshot v1, https://goo.gl/fbAQLP

exports[`should render correctly 1`] = `
<ul
  className="src-modules-footer-index__item-container"
  role="presentation"
>
  <li
    className="src-modules-footer-index__item"
  >
    © 
    2015
     Middle Engine Software Ltd
  </li>
  <li
    className="src-modules-footer-index__item"
  >
    Version 
    0.0.1
  </li>
</ul>
`;
