// Jest Snapshot v1, https://goo.gl/fbAQLP

exports[`should render correctly 1`] = `
<Modal
  aria-label="Quicksearch"
  backdropTransition={[Function]}
  onHide={[Function]}
  show={true}
  transition={[Function]}
>
  <div
    className="src-modules-quicksearch-components-quicksearch__modal-container"
  >
    <Toolbar
      className="src-modules-quicksearch-components-quicksearch__toolbar"
    >
      <ToolbarItem>
        <Logo
          size="small"
          type="normal"
        />
      </ToolbarItem>
      <ToolbarItem>
        <IconButton
          aria-label="Close quicksearch dialog"
          className="src-modules-quicksearch-components-quicksearch__close-button"
          icon={[Function]}
          onClick={[Function]}
          type="default"
        />
      </ToolbarItem>
    </Toolbar>
    <ReduxForm
      onAutocompleteSearch={[Function]}
      onAutocompleteSelect={[Function]}
      onSubmit={[Function]}
    />
  </div>
</Modal>
`;
