// Jest Snapshot v1, https://goo.gl/fbAQLP

exports[`should render correctly 1`] = `
<div
  className="src-components-section-heading__container-no-logo src-components-section-heading__container"
>
  <h2
    className="src-components-section-heading__title"
  >
    <div
      id="child"
    />
  </h2>
</div>
`;
