// Jest Snapshot v1, https://goo.gl/fbAQLP

exports[`should render correctly 1`] = `
<BasicTransition
  appear={false}
  className="src-modules-sidenav-components-modal-transition__modal-transition"
  in={false}
  mountOnEnter={false}
  timeoutMs={200}
  unmountOnExit={false}
>
  <div
    id="child"
  />
</BasicTransition>
`;
