// Jest Snapshot v1, https://goo.gl/fbAQLP

exports[`should render correctly 1`] = `
<Container
  error={null}
  htmlFor="The Label"
  label="The Label"
  touched={false}
>
  <FieldBorder>
    <ReduxForm
      linkTypeOptions={
        Array [
          Object {
            "label": "Homepage",
            "value": "Homepage",
          },
          Object {
            "label": "Twitter",
            "value": "Twitter",
          },
          Object {
            "label": "Instagram",
            "value": "Instagram",
          },
          Object {
            "label": "Wikipedia",
            "value": "Wikipedia",
          },
          Object {
            "label": "Access",
            "value": "Access",
          },
          Object {
            "label": "Booking",
            "value": "Booking",
          },
        ]
      }
      onSubmit={[Function]}
    />
    <Component />
    <Grid>
      <LinksGridRow
        key="some-key"
        onDelete={[Function]}
        value={
          Object {
            "key": "some-key",
            "type": "Facebook",
            "url": "http://some/url",
          }
        }
      />
    </Grid>
  </FieldBorder>
</Container>
`;
