// Jest Snapshot v1, https://goo.gl/fbAQLP

exports[`should render correctly 1`] = `
<div
  className="src-modules-venue-components-monitor-collection__container"
>
  <EntitySectionHeading>
    The Title
  </EntitySectionHeading>
  <div
    className="src-modules-venue-components-monitor-collection__monitors-container"
  >
    <Grid>
      <gridRowComponent
        key="some-key"
        monitor={
          Object {
            "key": "some-key",
          }
        }
        onEdit={[Function]}
        venueHomepageUrl={null}
      />
    </Grid>
  </div>
  <Modal
    aria-label="Edit Monitor"
    backdropTransition={[Function]}
    onHide={[Function]}
    show={false}
    transition={[Function]}
  >
    <ModalContainer
      dismissable={true}
      onHide={[Function]}
      title="Edit Monitor"
      type="wide"
    >
      <ReduxForm
        onSubmit={[Function]}
      />
    </ModalContainer>
  </Modal>
</div>
`;
