// Jest Snapshot v1, https://goo.gl/fbAQLP

exports[`should render correctly when there is a diff 1`] = `
<div
  className="src-components-monitor-diff__container"
  dangerouslySetInnerHTML={
    Object {
      "__html": "The Diff",
    }
  }
/>
`;

exports[`should render correctly when there is no diff 1`] = `""`;
