// Jest Snapshot v1, https://goo.gl/fbAQLP

exports[`should render correctly 1`] = `
<Form
  onSubmit={[Function]}
>
  <FormError
    error={null}
  />
  <FormRow>
    <Field
      autoFocus={true}
      autos={false}
      component={[Function]}
      forceSingleLine={true}
      label="Username"
      maxLength={10}
      name="username"
      remainingChars={false}
    />
  </FormRow>
  <FormRow
    style={
      Object {
        "marginBottom": 0,
      }
    }
  >
    <Field
      autos={false}
      component={[Function]}
      label="Password"
      maxLength={20}
      name="password"
      password={true}
      remainingChars={false}
    />
  </FormRow>
  <FormRow>
    <Field
      component={[Function]}
      label={
        <span>
          I accept the
           
          <Link
            rel="noopener"
            replace={false}
            target="_blank"
            to="/terms"
          >
            Terms of Service
          </Link>
        </span>
      }
      name="acceptedTerms"
    />
  </FormRow>
  <Divider
    type="basic"
  />
  <FormButtons
    submitLabel="Submit"
    submitting={false}
  />
</Form>
`;
