// Jest Snapshot v1, https://goo.gl/fbAQLP

exports[`should render correctly 1`] = `
<ul
  className="src-modules-header-components-dropdown-menu__menu"
  role="menu"
  style={
    Object {
      "top": 10,
    }
  }
>
  <li
    key="Label A"
  >
    <MenuLink
      index={0}
      label="Label A"
      onClick={[Function]}
      onMouseDown={[Function]}
      onMouseEnter={[Function]}
      selected={false}
      to="/path-a"
    />
  </li>
  <li
    key="Label B"
  >
    <MenuLink
      index={1}
      label="Label B"
      onClick={[Function]}
      onMouseDown={[Function]}
      onMouseEnter={[Function]}
      selected={true}
      to="/path-b"
    />
  </li>
</ul>
`;
