// Jest Snapshot v1, https://goo.gl/fbAQLP

exports[`should render correctly 1`] = `
<Container
  error={null}
  htmlFor="The Label"
  label="The Label"
  touched={false}
>
  <FieldBorder>
    <Grid>
      <TalentsGridRow
        key="some-key"
        onCharactersChange={[Function]}
        onDelete={[Function]}
        onRolesChange={[Function]}
        value={
          Object {
            "characters": "The Characters",
            "id": "some-id",
            "key": "some-key",
            "roles": "The Roles",
            "talentType": "Actor",
          }
        }
      />
    </Grid>
  </FieldBorder>
</Container>
`;
