// Jest Snapshot v1, https://goo.gl/fbAQLP

exports[`should render correctly 1`] = `
<Form
  onSubmit={[Function]}
>
  <FormSectionHeader>
    Talent
  </FormSectionHeader>
  <FormRow>
    <Field
      component={[Function]}
      containerStyle={
        Object {
          "paddingTop": 0,
        }
      }
      label=""
      name="talents"
    />
  </FormRow>
  <Divider
    type="hidden"
  />
  <FormSectionHeader>
    Search for Talent
  </FormSectionHeader>
  <Connect(EntitySelectorSearch)
    entitySearchLabel="Search for a Talent"
    entityType="talent"
    error={null}
    onSelectEntity={[Function]}
  />
  <Divider
    type="hidden"
  />
  <FormSectionHeader>
    Create New Talent
  </FormSectionHeader>
  <Connect(ReduxForm)
    constraint={
      Object {
        "commonRole": Object {
          "length": Object {
            "maximum": 200,
          },
          "presence": Object {
            "disallowEmpty": true,
          },
        },
        "firstNames": Object {
          "length": Object {
            "maximum": 200,
          },
        },
        "images": Object {
          "length": Object {
            "maximum": 10,
            "tooLong": "has too many elements",
          },
        },
        "lastName": Object {
          "length": Object {
            "maximum": 200,
          },
          "presence": Object {
            "disallowEmpty": true,
          },
        },
        "links": Object {
          "length": Object {
            "maximum": 7,
            "tooLong": "has too many elements",
          },
        },
        "weSay": Object {
          "length": Object {
            "maximum": 300,
          },
        },
      }
    }
    onSubmit={[Function]}
  />
  <Divider
    type="basic"
  />
  <FormError
    error={null}
  />
  <FormButtons
    onCancel={null}
    onPrevious={[Function]}
    submitLabel="Next"
    submitting={false}
  />
</Form>
`;
