// Jest Snapshot v1, https://goo.gl/fbAQLP

exports[`should render correctly 1`] = `
<button
  aria-haspopup={true}
  className="src-modules-header-components-dropdown-button__button"
  onBlur={[Function]}
  onClick={[Function]}
  onFocus={[Function]}
  onKeyDown={[Function]}
  onKeyPress={[Function]}
  role="menuitem"
  type="button"
>
  The Label
  <FaAngleDown
    className="src-modules-header-components-dropdown-button__arrow"
  />
</button>
`;
