// Jest Snapshot v1, https://goo.gl/fbAQLP

exports[`should render correctly when creating and no display flags are set 1`] = `
<Form
  onSubmit={[Function]}
>
  <Divider
    type="basic"
  />
  <FormError />
  <FormButtons
    onCancel={null}
    onPrevious={[Function]}
    submitLabel="Next"
    submitting={false}
  />
</Form>
`;

exports[`should render correctly when editing and all display flags are set 1`] = `
<Form
  onSubmit={[Function]}
>
  <FormRow>
    <Field
      checkboxLabel="Use the venue's opening times"
      component={[Function]}
      label="Venue Opening Times"
      name="useVenueOpeningTimes"
    />
  </FormRow>
  <Divider
    type="basic"
  />
  <FormRow>
    <Field
      component={[Function]}
      constraint={
        Object {
          "dateFrom": Object {
            "format": /\\^\\[12\\]\\\\d\\\\d\\\\d\\\\/\\[01\\]\\\\d\\\\/\\[0123\\]\\\\d\\$/,
            "presence": Object {
              "disallowEmpty": true,
            },
          },
          "dateTo": Object {
            "dependency": Object {
              "ensure": [Function],
              "message": "Date To is not greater than Date From",
              "test": [Function],
            },
            "format": /\\^\\[12\\]\\\\d\\\\d\\\\d\\\\/\\[01\\]\\\\d\\\\/\\[0123\\]\\\\d\\$/,
            "presence": Object {
              "disallowEmpty": true,
            },
          },
          "label": Object {
            "length": Object {
              "maximum": 20,
              "minimum": 1,
            },
          },
        }
      }
      formComponent={[Function]}
      itemComponent={[Function]}
      label="Times Ranges"
      maxDate="2018/01/01"
      minDate="2017/01/01"
      name="timesRanges"
      onSubmit={[Function]}
      parentFormName="EditEventTimes"
      timesRangesOptions={Array []}
    />
  </FormRow>
  <FormRow>
    <Field
      component={[Function]}
      constraint={
        Object {
          "date": Object {
            "format": /\\^\\[12\\]\\\\d\\\\d\\\\d\\\\/\\[01\\]\\\\d\\\\/\\[0123\\]\\\\d\\$/,
            "presence": Object {
              "disallowEmpty": true,
            },
          },
          "from": Object {
            "format": /\\^\\(\\?:\\[01\\]\\[0-9\\]\\|2\\[0-3\\]\\):\\[0-5\\]\\[0-9\\]\\$\\|\\^\\$/,
            "presence": Object {
              "disallowEmpty": true,
            },
          },
          "to": Object {
            "dependency": Object {
              "ensure": [Function],
              "message": "To time is not greater than From time",
            },
            "format": /\\^\\(\\?:\\[01\\]\\[0-9\\]\\|2\\[0-3\\]\\):\\[0-5\\]\\[0-9\\]\\$\\|\\^\\$/,
            "presence": Object {
              "disallowEmpty": true,
            },
          },
        }
      }
      formComponent={[Function]}
      itemComponent={[Function]}
      label="Opening Times"
      maxDate="2018/01/01"
      minDate="2017/01/01"
      name="additionalOpeningTimes"
      onSubmit={[Function]}
      parentFormName="EditEventTimes"
    />
  </FormRow>
  <FormRow>
    <Field
      component={[Function]}
      constraint={
        Object {
          "day": Object {
            "format": /\\^\\[0123456\\]\\$/,
            "presence": Object {
              "disallowEmpty": true,
            },
          },
          "from": Object {
            "format": /\\^\\(\\?:\\[01\\]\\[0-9\\]\\|2\\[0-3\\]\\):\\[0-5\\]\\[0-9\\]\\$\\|\\^\\$/,
            "presence": Object {
              "disallowEmpty": true,
            },
          },
          "to": Object {
            "dependency": Object {
              "ensure": [Function],
              "message": "To time is not greater than From time",
            },
            "format": /\\^\\(\\?:\\[01\\]\\[0-9\\]\\|2\\[0-3\\]\\):\\[0-5\\]\\[0-9\\]\\$\\|\\^\\$/,
            "presence": Object {
              "disallowEmpty": true,
            },
          },
        }
      }
      formComponent={[Function]}
      itemComponent={[Function]}
      label="Opening Times"
      name="openingTimes"
      onSubmit={[Function]}
      parentFormName="EditEventTimes"
      timesRangesOptions={Array []}
    />
  </FormRow>
  <FormRow>
    <Field
      component={[Function]}
      constraint={
        Object {
          "date": Object {
            "format": /\\^\\[12\\]\\\\d\\\\d\\\\d\\\\/\\[01\\]\\\\d\\\\/\\[0123\\]\\\\d\\$/,
            "presence": Object {
              "disallowEmpty": true,
            },
          },
          "from": Object {
            "format": /\\^\\(\\?:\\[01\\]\\[0-9\\]\\|2\\[0-3\\]\\):\\[0-5\\]\\[0-9\\]\\$\\|\\^\\$/,
            "presence": Object {
              "disallowEmpty": true,
            },
          },
          "to": Object {
            "dependency": Object {
              "ensure": [Function],
              "message": "To time is not greater than From time",
            },
            "format": /\\^\\(\\?:\\[01\\]\\[0-9\\]\\|2\\[0-3\\]\\):\\[0-5\\]\\[0-9\\]\\$\\|\\^\\$/,
            "presence": Object {
              "disallowEmpty": true,
            },
          },
        }
      }
      formComponent={[Function]}
      itemComponent={[Function]}
      label="Additional Opening Times"
      maxDate="2018/01/01"
      minDate="2017/01/01"
      name="additionalOpeningTimes"
      onSubmit={[Function]}
      parentFormName="EditEventTimes"
    />
  </FormRow>
  <FormRow>
    <Field
      component={[Function]}
      constraint={
        Object {
          "at": Object {
            "format": /\\^\\(\\?:\\[01\\]\\[0-9\\]\\|2\\[0-3\\]\\):\\[0-5\\]\\[0-9\\]\\$\\|\\^\\$/,
            "presence": Object {
              "disallowEmpty": true,
            },
          },
          "date": Object {
            "format": /\\^\\[12\\]\\\\d\\\\d\\\\d\\\\/\\[01\\]\\\\d\\\\/\\[0123\\]\\\\d\\$/,
            "presence": Object {
              "disallowEmpty": true,
            },
          },
        }
      }
      formComponent={[Function]}
      itemComponent={[Function]}
      label="Performances"
      maxDate="2018/01/01"
      minDate="2017/01/01"
      name="additionalPerformances"
      onSubmit={[Function]}
      parentFormName="EditEventTimes"
    />
  </FormRow>
  <FormRow>
    <Field
      component={[Function]}
      constraint={
        Object {
          "at": Object {
            "format": /\\^\\(\\?:\\[01\\]\\[0-9\\]\\|2\\[0-3\\]\\):\\[0-5\\]\\[0-9\\]\\$\\|\\^\\$/,
            "presence": Object {
              "disallowEmpty": true,
            },
          },
          "day": Object {
            "format": /\\^\\[0123456\\]\\$/,
            "presence": Object {
              "disallowEmpty": true,
            },
          },
        }
      }
      formComponent={[Function]}
      itemComponent={[Function]}
      label="Performance Times"
      name="performances"
      onSubmit={[Function]}
      parentFormName="EditEventTimes"
      timesRangesOptions={Array []}
    />
  </FormRow>
  <FormRow>
    <Field
      component={[Function]}
      constraint={
        Object {
          "at": Object {
            "format": /\\^\\(\\?:\\[01\\]\\[0-9\\]\\|2\\[0-3\\]\\):\\[0-5\\]\\[0-9\\]\\$\\|\\^\\$/,
            "presence": Object {
              "disallowEmpty": true,
            },
          },
          "date": Object {
            "format": /\\^\\[12\\]\\\\d\\\\d\\\\d\\\\/\\[01\\]\\\\d\\\\/\\[0123\\]\\\\d\\$/,
            "presence": Object {
              "disallowEmpty": true,
            },
          },
        }
      }
      formComponent={[Function]}
      itemComponent={[Function]}
      label="Additional Performances"
      maxDate="2018/01/01"
      minDate="2017/01/01"
      name="additionalPerformances"
      onSubmit={[Function]}
      parentFormName="EditEventTimes"
    />
  </FormRow>
  <FormRow>
    <Field
      component={[Function]}
      constraint={
        Object {
          "audienceTags": Object {
            "presence": Object {
              "disallowEmpty": true,
            },
          },
          "date": Object {
            "format": /\\^\\[12\\]\\\\d\\\\d\\\\d\\\\/\\[01\\]\\\\d\\\\/\\[0123\\]\\\\d\\$/,
            "presence": Object {
              "disallowEmpty": true,
            },
          },
          "from": Object {
            "format": /\\^\\(\\?:\\[01\\]\\[0-9\\]\\|2\\[0-3\\]\\):\\[0-5\\]\\[0-9\\]\\$\\|\\^\\$/,
            "presence": Object {
              "disallowEmpty": true,
            },
          },
          "to": Object {
            "dependency": Object {
              "ensure": [Function],
              "message": "To time is not greater than From time",
            },
            "format": /\\^\\(\\?:\\[01\\]\\[0-9\\]\\|2\\[0-3\\]\\):\\[0-5\\]\\[0-9\\]\\$\\|\\^\\$/,
            "presence": Object {
              "disallowEmpty": true,
            },
          },
        }
      }
      formComponent={[Function]}
      itemComponent={[Function]}
      label="Special Openings"
      maxDate="2018/01/01"
      minDate="2017/01/01"
      name="specialOpeningTimes"
      onSubmit={[Function]}
      parentFormName="EditEventTimes"
    />
  </FormRow>
  <FormRow>
    <Field
      component={[Function]}
      constraint={
        Object {
          "at": Object {
            "format": /\\^\\(\\?:\\[01\\]\\[0-9\\]\\|2\\[0-3\\]\\):\\[0-5\\]\\[0-9\\]\\$\\|\\^\\$/,
            "presence": Object {
              "disallowEmpty": true,
            },
          },
          "audienceTags": Object {
            "presence": Object {
              "disallowEmpty": true,
            },
          },
          "date": Object {
            "format": /\\^\\[12\\]\\\\d\\\\d\\\\d\\\\/\\[01\\]\\\\d\\\\/\\[0123\\]\\\\d\\$/,
            "presence": Object {
              "disallowEmpty": true,
            },
          },
        }
      }
      formComponent={[Function]}
      itemComponent={[Function]}
      label="Special Performances"
      maxDate="2018/01/01"
      minDate="2017/01/01"
      name="specialPerformances"
      onSubmit={[Function]}
      parentFormName="EditEventTimes"
    />
  </FormRow>
  <FormRow>
    <Field
      component={[Function]}
      constraint={
        Object {
          "date": Object {
            "format": /\\^\\[12\\]\\\\d\\\\d\\\\d\\\\/\\[01\\]\\\\d\\\\/\\[0123\\]\\\\d\\$/,
            "presence": Object {
              "disallowEmpty": true,
            },
          },
          "from": Object {
            "dependency": Object {
              "ensure": [Function],
              "message": "To time given but From time missing",
              "test": [Function],
            },
            "format": /\\^\\(\\?:\\[01\\]\\[0-9\\]\\|2\\[0-3\\]\\):\\[0-5\\]\\[0-9\\]\\$\\|\\^\\$/,
          },
          "to": Object {
            "dependency": Object {
              "ensure": [Function],
              "message": "To time is not greater than From time",
              "test": [Function],
            },
            "format": /\\^\\(\\?:\\[01\\]\\[0-9\\]\\|2\\[0-3\\]\\):\\[0-5\\]\\[0-9\\]\\$\\|\\^\\$/,
          },
        }
      }
      formComponent={[Function]}
      itemComponent={[Function]}
      label="Closures"
      maxDate="2018/01/01"
      minDate="2017/01/01"
      name="openingTimesClosures"
      onSubmit={[Function]}
      parentFormName="EditEventTimes"
    />
  </FormRow>
  <FormRow>
    <Field
      component={[Function]}
      constraint={
        Object {
          "at": Object {
            "format": /\\^\\(\\?:\\[01\\]\\[0-9\\]\\|2\\[0-3\\]\\):\\[0-5\\]\\[0-9\\]\\$\\|\\^\\$/,
          },
          "date": Object {
            "format": /\\^\\[12\\]\\\\d\\\\d\\\\d\\\\/\\[01\\]\\\\d\\\\/\\[0123\\]\\\\d\\$/,
            "presence": Object {
              "disallowEmpty": true,
            },
          },
        }
      }
      formComponent={[Function]}
      itemComponent={[Function]}
      label="Closures"
      maxDate="2018/01/01"
      minDate="2017/01/01"
      name="performancesClosures"
      onSubmit={[Function]}
      parentFormName="EditEventTimes"
    />
  </FormRow>
  <Divider
    type="basic"
  />
  <FormError />
  <FormButtons
    onCancel={[Function]}
    onPrevious={[Function]}
    submitLabel="Next"
    submitting={false}
  />
</Form>
`;
