// Jest Snapshot v1, https://goo.gl/fbAQLP

exports[`should render correctly 1`] = `
<Form
  className="src-modules-search-forms-basic-search__form-container"
  onKeyPress={[Function]}
  onSubmit={[Function]}
>
  <FormRow>
    <Field
      component={[Function]}
      maxLength={100}
      name="term"
      onAutocompleteSearch={[Function]}
      onAutocompleteSelect={[Function]}
      searchInProgress={false}
    />
    <SearchInputToolbar
      className="src-modules-search-forms-basic-search__toolbar"
    >
      <Field
        compact={true}
        component={[Function]}
        items={
          Array [
            Object {
              "label": "All",
              "value": "all",
            },
            Object {
              "label": "Venue",
              "value": "venue",
            },
            Object {
              "label": "Event",
              "value": "event",
            },
            Object {
              "label": "Talent",
              "value": "talent",
            },
          ]
        }
        name="entityType"
      />
      <IconButton
        aria-label="Search"
        icon={[Function]}
        onClick={[Function]}
        type="default"
      />
    </SearchInputToolbar>
  </FormRow>
  <FormError
    hideGenericErrorMessages={true}
  />
</Form>
`;
