// Jest Snapshot v1, https://goo.gl/fbAQLP

exports[`should render correctly when is current page 1`] = `
<div
  className="src-components-pagination-link__current-page src-components-pagination-link__base-page"
>
  2
</div>
`;

exports[`should render correctly when is not current page 1`] = `
<button
  className="src-components-pagination-link__link-page src-components-pagination-link__base-page"
  onClick={[Function]}
  type="button"
>
  2
</button>
`;
