// Jest Snapshot v1, https://goo.gl/fbAQLP

exports[`should render correctly when is current page 1`] = `
<div
  className="components-pagination-link-m__current-page components-pagination-link-m__base-page"
>
  2
</div>
`;

exports[`should render correctly when is not current page 1`] = `
<button
  className="components-pagination-link-m__link-page components-pagination-link-m__base-page"
  onClick={[Function]}
  type="button"
>
  2
</button>
`;
