// Jest Snapshot v1, https://goo.gl/fbAQLP

exports[`should render correctly 1`] = `
<button
  aria-haspopup={true}
  onBlur={[Function]}
  onClick={[Function]}
  onFocus={[Function]}
  onKeyDown={[Function]}
  onKeyPress={[Function]}
  role="menuitem"
  styleName="button"
  type="button"
>
  The Label
</button>
`;
