// Jest Snapshot v1, https://goo.gl/fbAQLP

exports[`should render a small header logo correctly 1`] = `
<Link
  onClick={[Function]}
  onMouseDown={[Function]}
  onMouseEnter={[Function]}
  replace={false}
  role="menuitem"
  styleName="link-selected"
  tabIndex="-1"
  to="/to/path"
>
  The Label
</Link>
`;
