// Jest Snapshot v1, https://goo.gl/fbAQLP

exports[`should render correctly 1`] = `
<Form
  onSubmit={[Function]}
>
  <Divider
    type="basic"
  />
  <FormRow>
    <Field
      component={[Function]}
      label="Talent Type"
      name="talentType"
      onChange={[Function]}
      options={
        Array [
          Object {
            "label": "Individual",
            "value": "Individual",
          },
          Object {
            "label": "Group",
            "value": "Group",
          },
        ]
      }
      required={true}
      searchable={false}
    />
  </FormRow>
  <FormRow>
    <Field
      autos={false}
      component={[Function]}
      disabled={false}
      forceSingleLine={true}
      label="First Names"
      maxLength={200}
      name="firstNames"
    />
    <Field
      autos={false}
      component={[Function]}
      forceSingleLine={true}
      label="Last Name / Group Name"
      maxLength={200}
      name="lastName"
      required={true}
    />
  </FormRow>
  <FormRow>
    <Field
      component={[Function]}
      forceSingleLine={true}
      label="Common Role"
      maxLength={200}
      name="commonRole"
      required={true}
    />
  </FormRow>
  <Divider
    type="basic"
  />
  <FormButtons
    onCancel={[Function]}
    submitLabel="Submit"
    submitting={false}
  />
</Form>
`;
