// Jest Snapshot v1, https://goo.gl/fbAQLP

exports[`should render correctly when there are tags 1`] = `
<div
  className="src-modules-tag-components-tag-collection__container"
>
  <Tag
    key="tag-1"
    tag={
      Object {
        "id": "tag-1",
        "label": "Tag One",
      }
    }
  />
  <Tag
    key="tag-2"
    tag={
      Object {
        "id": "tag-2",
        "label": "Tag Two",
      }
    }
  />
</div>
`;

exports[`should render correctly when there no tags 1`] = `""`;
