// Jest Snapshot v1, https://goo.gl/fbAQLP

exports[`should render correctly 1`] = `
<FieldBorder
  style={
    Object {
      "marginBottom": "1.5rem",
    }
  }
>
  <formComponent
    constraint={Object {}}
    tagType="medium"
  />
  <Component />
  <TagCollection
    deleteInProgress={false}
    onDelete={[Function]}
    value={
      Array [
        Object {
          "id": "some-id",
          "label": "Some Label",
        },
      ]
    }
  />
</FieldBorder>
`;
