// Jest Snapshot v1, https://goo.gl/fbAQLP

exports[`should render an autocomplete list with a single entity entry correctly 1`] = `
<ul
  className="src-shared-components-search-input-autocomplete-list__container"
>
  <AutocompleteItem
    currentIndex={0}
    index={0}
    item={
      Object {
        "autocompleteItemType": "entity",
        "entityType": "event",
        "id": "some-id",
        "name": "Some Name",
        "output": "Some output",
      }
    }
    key="some-id"
    onSelect={[Function]}
  />
</ul>
`;

exports[`should render an autocomplete list with a single label entry correctly 1`] = `
<ul
  className="src-shared-components-search-input-autocomplete-list__container"
>
  <AutocompleteHeaderItem
    key="Some label"
    label="Some label"
  />
</ul>
`;
