// Jest Snapshot v1, https://goo.gl/fbAQLP

exports[`should render correctly 1`] = `
<SearchInput
  maxLength={100}
  onAutocompleteSearch={[Function]}
  onAutocompleteSelect={[Function]}
  onChange={[Function]}
  placeholder="Search…"
  searchInProgress={false}
  size="large"
  value="some value"
/>
`;
