// Jest Snapshot v1, https://goo.gl/fbAQLP

exports[`should render correctly 1`] = `
<Container
  error={null}
  htmlFor="The Label"
  label="The Label"
  touched={false}
>
  <RichTextEditor
    className="components-html-text-field-m__rte"
    customStyleMap={
      Object {
        "BOLD": Object {
          "fontFamily": "\\"Libre Franklin\\", Sans-Serif",
          "fontStyle": "normal",
          "fontWeight": "600",
        },
      }
    }
    editorClassName="rte-editor"
    maxLength={300}
    name="The Label"
    onChange={[Function]}
    value="The Value"
  />
</Container>
`;
