// Jest Snapshot v1, https://goo.gl/fbAQLP

exports[`should render correctly 1`] = `
<div
  className="src-components-entity-featured-detail__container"
>
  <FeaturedDetailHeading>
    The Heading
  </FeaturedDetailHeading>
  <FeaturedDetailContent>
    <div
      id="child"
    />
  </FeaturedDetailContent>
</div>
`;
