// Jest Snapshot v1, https://goo.gl/fbAQLP

exports[`should render correctly 1`] = `
<Form
  onSubmit={[Function]}
>
  <FormRow>
    <Field
      autos={false}
      component={[Function]}
      containerStyle={
        Object {
          "flexBasis": "auto",
        }
      }
      forceSingleLine={true}
      label="Tag Name"
      maxLength={50}
      name="label"
      required={true}
    />
    <ButtonField
      disabled={true}
      label="Add"
      submitting={false}
      type="submit"
    />
  </FormRow>
  <FormError
    hideGenericErrorMessages={true}
  />
</Form>
`;

exports[`should render correctly when text has been entered but the tag cannot currently be added 1`] = `
<Form
  onSubmit={[Function]}
>
  <FormRow>
    <Field
      autos={false}
      component={[Function]}
      containerStyle={
        Object {
          "flexBasis": "auto",
        }
      }
      forceSingleLine={true}
      label="Tag Name"
      maxLength={50}
      name="label"
      required={true}
    />
    <ButtonField
      disabled={true}
      label="Add"
      submitting={false}
      type="submit"
    />
  </FormRow>
  <FormError
    hideGenericErrorMessages={true}
  />
</Form>
`;
