// Jest Snapshot v1, https://goo.gl/fbAQLP

exports[`should render correctly 1`] = `
<EntityCardShell
  entity={
    SummaryVenue {
      "entity": Object {
        "id": "some-venue-id",
      },
      "postcodeDistrict": null,
    }
  }
>
  <div
    dateStr="2017/01/18"
    entity={
      SummaryVenue {
        "entity": Object {
          "id": "some-venue-id",
        },
        "postcodeDistrict": null,
      }
    }
  />
  <div
    className="src-modules-entity-components-entity-card-index__actions-row"
  >
    <Link
      className="src-modules-entity-components-entity-card-index__goto-entity"
      data-url="/venue/some-venue-id"
      onClick={[Function]}
      replace={false}
      to="/venue/some-venue-id"
    >
      <FaArrowCircleRight
        className="src-modules-entity-components-entity-card-index__goto-entity-icon"
      />
    </Link>
  </div>
</EntityCardShell>
`;
