// Jest Snapshot v1, https://goo.gl/fbAQLP

exports[`should render correctly 1`] = `
<div
  className="src-modules-entity-components-entity-card-no-content__container"
>
  <FaThumbsODown
    aria-label="None found"
    className="src-modules-entity-components-entity-card-no-content__graphic"
  />
</div>
`;
