// Jest Snapshot v1, https://goo.gl/fbAQLP

exports[`should render correctly 1`] = `
<article
  className="src-modules-search-components-entity-card-shell__container"
  key="some-id"
  onClick={[Function]}
>
  <EntityTypeLabel
    entity={
      Object {
        "entityType": "venue",
        "getEntityTypeLabel": [Function],
        "getUrl": [Function],
        "hasImage": [Function],
        "id": "some-id",
      }
    }
  />
  <Image
    entity={
      Object {
        "entityType": "venue",
        "getEntityTypeLabel": [Function],
        "getUrl": [Function],
        "hasImage": [Function],
        "id": "some-id",
      }
    }
    onImageLoad={[Function]}
  />
  <div
    className="src-modules-search-components-entity-card-shell__detail"
  >
    <div
      id="child"
    />
  </div>
</article>
`;
