// Jest Snapshot v1, https://goo.gl/fbAQLP

exports[`should render correctly 1`] = `
<section
  className="src-components-statistic-collection__container"
>
  <Statistic
    count={400}
    entityType="event"
    key="event"
  />
  <Statistic
    count={300}
    entityType="event-series"
    key="event-series"
  />
  <Statistic
    count={200}
    entityType="talent"
    key="talent"
  />
  <Statistic
    count={100}
    entityType="venue"
    key="venue"
  />
</section>
`;
