// Jest Snapshot v1, https://goo.gl/fbAQLP

exports[`should render correctly 1`] = `
<BasicTransition
  appear={false}
  className=""
  in={false}
  mountOnEnter={false}
  timeoutMs={200}
  unmountOnExit={false}
>
  <Transition
    appear={false}
    enter={true}
    exit={true}
    in={false}
    mountOnEnter={false}
    onEnter={[Function]}
    onEntered={[Function]}
    onEntering={[Function]}
    onExit={[Function]}
    onExited={[Function]}
    onExiting={[Function]}
    timeout={200}
    unmountOnExit={false}
  >
    <div
      className="  out"
      id="child"
    />
  </Transition>
</BasicTransition>
`;
