// Jest Snapshot v1, https://goo.gl/fbAQLP

exports[`should render correctly 1`] = `
<FadeTransition
  in={false}
>
  <BasicTransition
    appear={false}
    className="src-components-transition-fade__fade-transition"
    in={false}
    mountOnEnter={true}
    onEnter={[Function]}
    onExit={[Function]}
    timeoutMs={NaN}
    unmountOnExit={true}
  >
    <Transition
      appear={false}
      enter={true}
      exit={true}
      in={false}
      mountOnEnter={true}
      onEnter={[Function]}
      onEntered={[Function]}
      onEntering={[Function]}
      onExit={[Function]}
      onExited={[Function]}
      onExiting={[Function]}
      timeout={NaN}
      unmountOnExit={true}
    />
  </BasicTransition>
</FadeTransition>
`;
