// Jest Snapshot v1, https://goo.gl/fbAQLP

exports[`should render correctly when closed 1`] = `
<div
  id="some-id"
  styleName="container"
>
  <div
    aria-expanded={false}
    onClick={[Function]}
    onKeyDown={[Function]}
    styleName="header-container"
    tabIndex="0"
  >
    <h6
      styleName="header"
    >
      The Header Text
    </h6>
    <FaCircle
      styleName="indicator-closed"
    />
    <Pusher />
    <FaAngleDown
      styleName="arrow-down"
    />
  </div>
  <TransitionGroup
    childFactory={[Function]}
    component="div"
  >
    <CSSTransition
      classNames="expander"
      timeout={250}
    >
      <div
        in={false}
        key="children"
        styleName="children"
      >
        <div
          id="child"
        />
      </div>
    </CSSTransition>
  </TransitionGroup>
</div>
`;
