// Jest Snapshot v1, https://goo.gl/fbAQLP

exports[`should render correctly 1`] = `
<div
  className="src-components-monitor-collection__container"
>
  <div
    className="src-components-monitor-collection__monitors-container"
  >
    <Grid>
      <gridRowComponent
        key="some-key"
        monitor={
          Object {
            "key": "some-key",
          }
        }
        onEdit={[Function]}
        venueHomepageUrl={null}
      />
    </Grid>
  </div>
</div>
`;
