// Jest Snapshot v1, https://goo.gl/fbAQLP

exports[`should render correctly 1`] = `
<withState(EntitySelector)
  entityType="talent"
  label="The Label"
  onAutocompleteSearch={[Function]}
  onAutocompleteSelect={[Function]}
  onChange={[Function]}
  touched={false}
  value={
    Object {
      "id": "some-id",
      "name": "Some Name",
    }
  }
/>
`;
