// Jest Snapshot v1, https://goo.gl/fbAQLP

exports[`should render correctly 1`] = `
<div
  className="src-modules-event-components-main-details__container"
>
  <EntityFeaturedDetail
    heading="When"
  >
    Event occurrence description
  </EntityFeaturedDetail>
  <EntityFeaturedDetail
    heading="Where"
  >
    <Link
      replace={false}
      to="http://some/venue/url"
    >
      Venue Name
    </Link>
  </EntityFeaturedDetail>
  <EntityFeaturedDetail
    heading="Cost"
  >
    Cost description
  </EntityFeaturedDetail>
  <EntityFeaturedDetail
    heading="Booking"
  >
    Booking description
  </EntityFeaturedDetail>
  <EntityFeaturedDetail
    heading="Age"
  >
    Age description
  </EntityFeaturedDetail>
</div>
`;
