// Jest Snapshot v1, https://goo.gl/fbAQLP

exports[`should render correctly 1`] = `
<ModalTransition>
  <BasicTransition
    appear={false}
    className="src-modules-quicksearch-components-modal-transition__modal-transition"
    in={false}
    mountOnEnter={false}
    timeout={200}
    unmountOnExit={false}
  >
    <Transition
      appear={false}
      enter={true}
      exit={true}
      in={false}
      mountOnEnter={false}
      onEnter={[Function]}
      onEntered={[Function]}
      onEntering={[Function]}
      onExit={[Function]}
      onExited={[Function]}
      onExiting={[Function]}
      timeout={200}
      unmountOnExit={false}
    >
      <div
        className="src-modules-quicksearch-components-modal-transition__modal-transition  out"
        id="child"
      />
    </Transition>
  </BasicTransition>
</ModalTransition>
`;
