// Jest Snapshot v1, https://goo.gl/fbAQLP

exports[`should render correctly 1`] = `
<div
  className="src-components-search-field-field__container"
>
  <Connect(SearchField)
    disabled={false}
    maxLength={50}
    onChange={[Function]}
    onFullSearch={[Function]}
    searchInProgress={false}
    value="term"
  />
</div>
`;
