// Jest Snapshot v1, https://goo.gl/fbAQLP

exports[`should render correctly 1`] = `
<SearchInput
  ariaLabel="Search for events, talents, and venues"
  autocompleteItems={
    Array [
      Object {
        "autocompleteItemType": "label",
        "label": "The Label",
      },
      Object {
        "autocompleteItemType": "entity",
        "entityType": "venue",
        "id": "some-id",
        "name": "The Name",
      },
    ]
  }
  autocompleteMinSearchTermLength={2}
  disabled={false}
  maxLength={50}
  onAutocompleteClear={[Function]}
  onAutocompleteResultSelect={[Function]}
  onAutocompleteSearch={[Function]}
  onChange={[Function]}
  onSearch={[Function]}
  placeholder="Enter a search term..."
  searchInProgress={false}
  size="large"
  value="term"
/>
`;
