// Jest Snapshot v1, https://goo.gl/fbAQLP

exports[`should render an info bar for a venue correctly 1`] = `
<div
  className="src-components-entity-selector-search-input__container-small src-components-entity-selector-search-input__container"
>
  <input
    autoCapitalize="none"
    autoComplete="off"
    autoCorrect="off"
    className="src-components-entity-selector-search-input__input"
    maxLength={100}
    onChange={[Function]}
    onKeyDown={[Function]}
    onKeyPress={[Function]}
    placeholder="Enter a search term..."
    spellCheck={false}
    type="text"
    value=""
  />
  <ul
    className="src-components-entity-selector-search-input__results-container"
  >
    <li
      key="some-id"
    >
      <a
        className="src-components-entity-selector-search-input__result-item"
        onClick={[Function]}
      >
        Some Name
      </a>
    </li>
  </ul>
</div>
`;
