// Jest Snapshot v1, https://goo.gl/fbAQLP

exports[`should render correctly 1`] = `
<div
  className="src-components-tags-editor-tag-collection__container"
>
  <Tag
    isBeingDeleted={false}
    key="some-id"
    onDelete={[Function]}
    value={
      Object {
        "id": "some-id",
        "label": "Some Label",
      }
    }
  />
</div>
`;

exports[`should render correctly when there are no tags 1`] = `<NoEntries />`;
