// Jest Snapshot v1, https://goo.gl/fbAQLP

exports[`should render correctly 1`] = `
<Modal
  aria-label="Quicksearch"
  autoFocus={true}
  backdrop={true}
  backdropClassName="backdrop"
  className="src-modules-quicksearch-index__modal"
  enforceFocus={true}
  keyboard={true}
  manager={
    ModalManager {
      "add": [Function],
      "containers": Array [],
      "data": Array [],
      "handleContainerOverflow": true,
      "hideSiblingNodes": true,
      "isTopModal": [Function],
      "modals": Array [],
      "remove": [Function],
    }
  }
  onHide={[Function]}
  renderBackdrop={[Function]}
  restoreFocus={true}
  show={true}
  timeout={250}
  transition={[Function]}
>
  <div
    className="src-modules-quicksearch-index__quicksearch"
  >
    <div
      className="src-modules-quicksearch-index__header"
    >
      <Logo
        size="small"
        type="normal"
      />
      <IconButton
        aria-label="Close quicksearch dialog"
        icon={[Function]}
        onClick={[Function]}
        type="default"
      />
    </div>
    <div
      className="src-modules-quicksearch-index__form"
    >
      <ReduxForm
        onSubmit={[Function]}
      />
    </div>
  </div>
</Modal>
`;
