// Jest Snapshot v1, https://goo.gl/fbAQLP

exports[`should render correctly 1`] = `
<GridRow
  id="some-key"
  onDelete={[Function]}
>
  <div
    styleName="first-row"
  >
    <a
      href="/talent/some-id"
      rel="noopener"
      target="_blank"
    >
      The Name
    </a>
  </div>
  <Text
    autos={true}
    disabled={false}
    forceSingleLine={true}
    maxLength={100}
    onChange={[Function]}
    password={false}
    placeholder="Roles"
    readOnly={false}
    style={
      Object {
        "marginBottom": ".5rem",
      }
    }
    value="The Roles"
  />
  <Text
    autos={true}
    disabled={false}
    forceSingleLine={true}
    maxLength={100}
    onChange={[Function]}
    password={false}
    placeholder="Characters"
    readOnly={false}
    value="The Characters"
  />
</GridRow>
`;
